Microchip MPLAB XC8 Compiler V2.41

Linker command line:

-W-3 \
  --edf=C:\Program Files\Microchip\xc8\v2.41\pic\dat\20230208172133_en.msgs \
  -cn \
  -h+dist/default/production\Pic18f4620_Driver_Mohamed_Yossri.X-main.production.sym \
  --cmf=dist/default/production\Pic18f4620_Driver_Mohamed_Yossri.X-main.production.cmf \
  -z -Q18F4620 -oC:\Users\Yossri\AppData\Local\Temp\xcAstg.\driver_tmp_3.o \
  --defsym=__MPLAB_BUILD=1 --fixupoverflow=error \
  -Mdist/default/production/Pic18f4620_Driver_Mohamed_Yossri.X-main.production.map \
  --md=C:\Users\Yossri\AppData\Local\Temp\xcAstg.\driver_tmp_0.dat -E1 \
  -ver=XC8 Compiler --acfsm=1493 -ACODE=00h-0FFFFh -ACONST=00h-0FFFFh \
  -ASMALLCONST=01000h-010FFhx240 -AMEDIUMCONST=01000h-0FFFFh \
  -ACOMRAM=01h-07Fh -AABS1=00h-0F7Fh -ABIGRAM=01h-0F7Fh \
  -ARAM=080h-0FFh,0100h-01FFhx14,0F00h-0F7Fh -ABANK0=080h-0FFh \
  -ABANK1=0100h-01FFh -ABANK2=0200h-02FFh -ABANK3=0300h-03FFh \
  -ABANK4=0400h-04FFh -ABANK5=0500h-05FFh -ABANK6=0600h-06FFh \
  -ABANK7=0700h-07FFh -ABANK8=0800h-08FFh -ABANK9=0900h-09FFh \
  -ABANK10=0A00h-0AFFh -ABANK11=0B00h-0BFFh -ABANK12=0C00h-0CFFh \
  -ABANK13=0D00h-0DFFh -ABANK14=0E00h-0EFFh -ABANK15=0F00h-0F7Fh \
  -ASFR=0F80h-0FFFh -ABIGSFR=0F80h-0FFFh -ACONFIG=0300000h-030000Dh \
  -AIDLOC=0200000h-0200007h -AEEDATA=0F00000h-0F003FFh -peeprom_data=EEDATA \
  -preset_vec=00h,intcode=08h,intcodelo,powerup,init -pramtop=01000h \
  -psmallconst=SMALLCONST -pmediumconst=MEDIUMCONST -pconst=CONST \
  -AFARRAM=00h-00h \
  -prdata=COMRAM,nvrram=COMRAM,nvbit=COMRAM,rbss=COMRAM,rbit=COMRAM \
  -pfarbss=FARRAM,fardata=FARRAM,nvFARRAM=FARRAM \
  -pintsave_regs=BIGRAM,bigbss=BIGRAM,bigdata=BIGRAM -pbss=RAM \
  -pidata=CODE,irdata=CODE,ibigdata=CODE,ifardata=CODE -prparam=COMRAM \
  C:\Users\Yossri\AppData\Local\Temp\xcAstg.\driver_tmp_14.o \
  dist/default/production\Pic18f4620_Driver_Mohamed_Yossri.X-main.production.o 

Object code version is 3.11

Machine type is 18F4620



                Name                               Link     Load   Length Selector   Space Scale
C:\Users\Yossri\AppData\Local\Temp\xcAstg.\driver_tmp_14.o
                idloc                            200000   200000        8        0       5
                config                           300000   300000        E        0       4
                init                                  E        E        4        4       0
                reset_vec                             0        0        4        0       0
dist/default/production\Pic18f4620_Driver_Mohamed_Yossri.X-main.production.o
                intcode                               8        8        6        4       0
                idloc                            200000   200000        8        0       5
                config                           300000   300000        E        0       4
                temp                                 71       71        1        1       1
                smallconst                         1000     1000       F8      800       0
                text81                             3F06     3F06       EE      87C       0
                text80                             4DC2     4DC2       66      87C       0
                text79                             5432     5432       34      87C       0
                text78                             5616     5616        4     2AF9       0
                text77                             5612     5612        4     2AF9       0
                text76                             560E     560E        4     2AF9       0
                text75                             560A     560A        4     2AF9       0
                text74                             5606     5606        4     2AF9       0
                text73                             5602     5602        4     2AF9       0
                text72                             55FE     55FE        4     2AF9       0
                text71                             55FA     55FA        4     2AF9       0
                text70                             558A     558A       1A     2A7C       0
                text69                             5570     5570       1A     2A7C       0
                text68                             5556     5556       1A     2A7C       0
                text67                             553C     553C       1A     2A7C       0
                text66                             55F6     55F6        4     2AF9       0
                text65                             55D6     55D6        C     2A7C       0
                text64                             55CA     55CA        C     2A7C       0
                text63                             55E2     55E2        8     2A7C       0
                text62                             55BC     55BC        E     2A7C       0
                text61                             561C     561C        2     2AF9       0
                text60                             55F2     55F2        4     2AF9       0
                intcode_body                       272A     272A      446      87C       0
                text58                             40D0     40D0       D2      87C       0
                text57                             5108     5108       54      87C       0
                text56                             5498     5498       32      87C       0
                text55                             5296     5296       4C      87C       0
                text54                             3946     3946      146      87C       0
                text53                             4E8C     4E8C       64      87C       0
                text52                             4E28     4E28       64      87C       0
                text51                             51AC     51AC       50      87C       0
                text50                             4CE6     4CE6       72      87C       0
                text49                             55A4     55A4       18     2A7C       0
                text48                             51FC     51FC       4E      87C       0
                text47                             433A     433A       CA      87C       0
                text46                             3E00     3E00      106      87C       0
                text45                             48D0     48D0       92      87C       0
                text44                             483E     483E       92      87C       0
                text43                             2B70     2B70      42A      87C       0
                text42                             4C72     4C72       74      87C       0
                text41                             54F8     54F8       26     2A7C       0
                text40                             367E     367E      176      87C       0
                text39                             44CC     44CC       C4      87C       0
                text38                             46F4     46F4       B0      87C       0
                text37                             53B4     53B4       40      87C       0
                text36                             561A     561A        2     2AF9       0
                text35                             4270     4270       CA      87C       0
                text34                             5370     5370       44      87C       0
                text33                             4BF8     4BF8       7A      87C       0
                text32                             34E8     34E8      196      87C       0
                text31                             3BCE     3BCE      12C      87C       0
                text30                             515C     515C       50      87C       0
                text29                             524A     524A       4C      87C       0
                text28                             4404     4404       C8      87C       0
                text27                             52E2     52E2       4A      87C       0
                text26                             532C     532C       44      87C       0
                text25                             41A2     41A2       CE      87C       0
                text24                             3FF4     3FF4       DC      87C       0
                text23                             4590     4590       B4      87C       0
                text22                             226A     226A      4C0      87C       0
                text21                             2F9A     2F9A      39A      87C       0
                text20                             3CFA     3CFA      106      87C       0
                text19                             3334     3334      1B4      87C       0
                text18                             1D7C     1D7C      4EE      87C       0
                text17                             4FAC     4FAC       5C      87C       0
                text16                             37F4     37F4      152      87C       0
                text15                             4EF0     4EF0       60      87C       0
                text14                             4F50     4F50       5C      87C       0
                text13                             4A7E     4A7E       86      87C       0
                text12                             49F0     49F0       8E      87C       0
                text11                             505E     505E       56      87C       0
                text10                             5466     5466       32      87C       0
                text9                              4B7E     4B7E       7A      87C       0
                text8                              3A8C     3A8C      142      87C       0
                text7                              53F4     53F4       3E      87C       0
                text6                              5008     5008       56      87C       0
                text5                              4B04     4B04       7A      87C       0
                text4                              47A4     47A4       9A      87C       0
                text3                              50B4     50B4       54      87C       0
                text2                              4644     4644       B0      87C       0
                text1                              4D58     4D58       6A      87C       0
                text0                              10F8     10F8      C84      87C       0
                cstackCOMRAM                          1        1       63        1       1
                cstackBANK1                         16C      16C        E      100       1
                dataBANK1                           13F      13F       2D      100       1
                bssBANK1                            100      100       3F      100       1
                dataBANK0                            E1       E1       1E       80       1
                bssBANK0                             80       80       61       80       1
                dataCOMRAM                           64       64        7        1       1
                bssCOMRAM                            6B       6B        6        1       1
                cinit                              4962     4962       8E      87C       0
                nvBANK1                             17A      17A        2      100       1
                idataBANK1                         54CA     54CA       2D      87C       0
                idataBANK0                         551E     551E       1E     2A7C       0
                idataCOMRAM                        55EA     55EA        7     2A7C       0

TOTAL           Name                               Link     Load   Length     Space
        CLASS   CODE           
                intcode                               8        8        6         0
                init                                  E        E        4         0
                reset_vec                             0        0        4         0
                text81                             3F06     3F06       EE         0
                text80                             4DC2     4DC2       66         0
                text79                             5432     5432       34         0
                text78                             5616     5616        4         0
                text77                             5612     5612        4         0
                text76                             560E     560E        4         0
                text75                             560A     560A        4         0
                text74                             5606     5606        4         0
                text73                             5602     5602        4         0
                text72                             55FE     55FE        4         0
                text71                             55FA     55FA        4         0
                text70                             558A     558A       1A         0
                text69                             5570     5570       1A         0
                text68                             5556     5556       1A         0
                text67                             553C     553C       1A         0
                text66                             55F6     55F6        4         0
                text65                             55D6     55D6        C         0
                text64                             55CA     55CA        C         0
                text63                             55E2     55E2        8         0
                text62                             55BC     55BC        E         0
                text61                             561C     561C        2         0
                text60                             55F2     55F2        4         0
                intcode_body                       272A     272A      446         0
                text58                             40D0     40D0       D2         0
                text57                             5108     5108       54         0
                text56                             5498     5498       32         0
                text55                             5296     5296       4C         0
                text54                             3946     3946      146         0
                text53                             4E8C     4E8C       64         0
                text52                             4E28     4E28       64         0
                text51                             51AC     51AC       50         0
                text50                             4CE6     4CE6       72         0
                text49                             55A4     55A4       18         0
                text48                             51FC     51FC       4E         0
                text47                             433A     433A       CA         0
                text46                             3E00     3E00      106         0
                text45                             48D0     48D0       92         0
                text44                             483E     483E       92         0
                text43                             2B70     2B70      42A         0
                text42                             4C72     4C72       74         0
                text41                             54F8     54F8       26         0
                text40                             367E     367E      176         0
                text39                             44CC     44CC       C4         0
                text38                             46F4     46F4       B0         0
                text37                             53B4     53B4       40         0
                text36                             561A     561A        2         0
                text35                             4270     4270       CA         0
                text34                             5370     5370       44         0
                text33                             4BF8     4BF8       7A         0
                text32                             34E8     34E8      196         0
                text31                             3BCE     3BCE      12C         0
                text30                             515C     515C       50         0
                text29                             524A     524A       4C         0
                text28                             4404     4404       C8         0
                text27                             52E2     52E2       4A         0
                text26                             532C     532C       44         0
                text25                             41A2     41A2       CE         0
                text24                             3FF4     3FF4       DC         0
                text23                             4590     4590       B4         0
                text22                             226A     226A      4C0         0
                text21                             2F9A     2F9A      39A         0
                text20                             3CFA     3CFA      106         0
                text19                             3334     3334      1B4         0
                text18                             1D7C     1D7C      4EE         0
                text17                             4FAC     4FAC       5C         0
                text16                             37F4     37F4      152         0
                text15                             4EF0     4EF0       60         0
                text14                             4F50     4F50       5C         0
                text13                             4A7E     4A7E       86         0
                text12                             49F0     49F0       8E         0
                text11                             505E     505E       56         0
                text10                             5466     5466       32         0
                text9                              4B7E     4B7E       7A         0
                text8                              3A8C     3A8C      142         0
                text7                              53F4     53F4       3E         0
                text6                              5008     5008       56         0
                text5                              4B04     4B04       7A         0
                text4                              47A4     47A4       9A         0
                text3                              50B4     50B4       54         0
                text2                              4644     4644       B0         0
                text1                              4D58     4D58       6A         0
                text0                              10F8     10F8      C84         0
                cinit                              4962     4962       8E         0
                idataBANK1                         54CA     54CA       2D         0
                idataBANK0                         551E     551E       1E         0
                idataCOMRAM                        55EA     55EA        7         0

        CLASS   CONST          

        CLASS   SMALLCONST     
                smallconst                         1000     1000       F8         0

        CLASS   MEDIUMCONST    

        CLASS   COMRAM         
                temp                                 71       71        1         1
                cstackCOMRAM                          1        1       63         1
                dataCOMRAM                           64       64        7         1
                bssCOMRAM                            6B       6B        6         1

        CLASS   ABS1           

        CLASS   BIGRAM         

        CLASS   RAM            

        CLASS   BANK0          
                dataBANK0                            E1       E1       1E         1
                bssBANK0                             80       80       61         1

        CLASS   BANK1          
                cstackBANK1                         16C      16C        E         1
                dataBANK1                           13F      13F       2D         1
                bssBANK1                            100      100       3F         1
                nvBANK1                             17A      17A        2         1

        CLASS   BANK2          

        CLASS   BANK3          

        CLASS   BANK4          

        CLASS   BANK5          

        CLASS   BANK6          

        CLASS   BANK7          

        CLASS   BANK8          

        CLASS   BANK9          

        CLASS   BANK10         

        CLASS   BANK11         

        CLASS   BANK12         

        CLASS   BANK13         

        CLASS   BANK14         

        CLASS   BANK15         

        CLASS   SFR            

        CLASS   BIGSFR         

        CLASS   CONFIG         
                config                           300000   300000        E         4

        CLASS   IDLOC          
                idloc                            200000   200000        8         5

        CLASS   EEDATA         

        CLASS   FARRAM         

        CLASS   HEAP           

        CLASS   STACK          



SEGMENTS        Name                           Load    Length   Top    Selector   Space  Class

                reset_vec                      000000  000004  000004         0       0  CODE    
                cstackCOMRAM                   000001  000071  000072         1       1  COMRAM  
                intcode                        000008  00000A  000012         4       0  CODE    
                bssBANK0                       000080  00007F  0000FF        80       1  BANK0   
                bssBANK1                       000100  00007C  00017C       100       1  BANK1   
                smallconst                     001000  0000F8  0010F8       800       0  SMALLCON
                text0                          0010F8  0043FF  0054F7       87C       0  CODE    
                text41                         0054F8  0000F9  0055F1      2A7C       0  CODE    
                text60                         0055F2  00002C  00561E      2AF9       0  CODE    


UNUSED ADDRESS RANGES

        Name                Unused          Largest block    Delta
        BANK0            0000FF-0000FF                1
        BANK1            00017C-0001FF               84
        BANK10           000A00-000AFF              100
        BANK11           000B00-000BFF              100
        BANK12           000C00-000CFF              100
        BANK13           000D00-000DFF              100
        BANK14           000E00-000EFF              100
        BANK15           000F00-000F7F               80
        BANK2            000200-0002FF              100
        BANK3            000300-0003FF              100
        BANK4            000400-0004FF              100
        BANK5            000500-0005FF              100
        BANK6            000600-0006FF              100
        BANK7            000700-0007FF              100
        BANK8            000800-0008FF              100
        BANK9            000900-0009FF              100
        BIGRAM           000072-00007F                E
                         0000FF-0000FF                1
                         00017C-000F7F              E04
        BIGSFR           000F80-000FFF               80
        CODE             000004-000007                4
                         000012-000FFF              FEE
                         0054F7-0054F7                1
                         0055F1-0055F1                1
                         00561E-00FFFF             A9E2
        COMRAM           000072-00007F                E
        CONST            000004-000007                4
                         000012-000FFF              FEE
                         0054F7-0054F7                1
                         0055F1-0055F1                1
                         00561E-00FFFF             A9E2
        EEDATA           F00000-F003FF              400
        MEDIUMCONST      0054F7-0054F7                1
                         0055F1-0055F1                1
                         00561E-00FFFF             A9E2
        RAM              0000FF-0000FF                1
                         00017C-000F7F              100
        SFR              000F80-000FFF               80
        SMALLCONST       0054F7-0054F7                1
                         0055F1-0055F1                1
                         00561E-00FFFF              100

                                  Symbol Table

?_ADC_Channel_Selection                            cstackCOMRAM 000011
?_ADC_Get_Conversion_Result                        cstackCOMRAM 000001
?_ADC_Intialization                                cstackCOMRAM 000011
?_ADC_Start_Conversion                             cstackCOMRAM 00000E
?_ADC_Start_Conversion_Interrupt_Mode              cstackCOMRAM 000017
?_Dc_Motor_Intialize                               cstackCOMRAM 00001D
?_Dc_Motor_Stop                                    cstackCOMRAM 000019
?_Dc_Motor_Turn_Right                              cstackCOMRAM 000019
?_EEPROM_Data_ReadByte                             cstackCOMRAM 00000E
?_EEPROM_Data_WriteByte                            cstackCOMRAM 00000E
?_GPIO_Pin_Direction_Intialize                     cstackCOMRAM 00000E
?_GPIO_Pin_Intialize                               cstackCOMRAM 000019
?_GPIO_Pin_Read_Logic                              cstackCOMRAM 00000E
?_GPIO_Pin_Write_Logic                             cstackCOMRAM 00000E
?_Key_Pad_Get_Value                                cstackCOMRAM 00001A
?_Key_Pad_Intialize                                cstackCOMRAM 00001D
?_Led_Intialize                                    cstackCOMRAM 00001D
?_Led_Turn_Off                                     cstackCOMRAM 000019
?_Led_Turn_On                                      cstackCOMRAM 000019
?_USART_ASYNC_Intialization                        cstackCOMRAM 000051
?___awdiv                                          cstackCOMRAM 00000E
?___awmod                                          cstackCOMRAM 00000E
?___fladd                                          cstackCOMRAM 000035
?___fldiv                                          cstackCOMRAM 00001C
?___flmul                                          cstackCOMRAM 00001C
?___fltol                                          cstackCOMRAM 000035
?___lwdiv                                          cstackCOMRAM 000014
?___wmul                                           cstackCOMRAM 00000E
?___xxtofl                                         cstackCOMRAM 00000E
?_abs                                              cstackCOMRAM 000014
?_convert_short_to_string                          cstackCOMRAM 000060
?_lcd_intialize                                    cstackCOMRAM 000026
?_lcd_send_ATpos_char_data                         cstackCOMRAM 00002C
?_lcd_send_ATpos_string_data                       cstackCOMRAM 00002C
?_lcd_send_char_data                               cstackCOMRAM 000021
?_lcd_send_command                                 cstackCOMRAM 000021
?_lcd_send_string_data                             cstackCOMRAM 000026
?_sprintf                                          cstackCOMRAM 00004C
?_vfprintf                                         cstackCOMRAM 000044
ADC_Channel_Selection@adc_                         cstackCOMRAM 000011
ADC_Channel_Selection@channel                      cstackCOMRAM 000013
ADC_Channel_Selection@ret                          cstackCOMRAM 000015
ADC_Get_Conversion_Result@adc_                     cstackCOMRAM 000001
ADC_Get_Conversion_Result@conversion_Result        cstackCOMRAM 000003
ADC_Get_Conversion_Result@ret                      cstackCOMRAM 000008
ADC_Intialization@adc_                             cstackCOMRAM 000011
ADC_Intialization@ret                              cstackCOMRAM 000014
ADC_Select_Voltage_Reference@adc_                  cstackCOMRAM 00000E
ADC_Select_format_status@adc_                      cstackCOMRAM 00000E
ADC_Set_Channel_As_Inbut@channel                   cstackCOMRAM 000010
ADC_Start_Conversion@adc_                          cstackCOMRAM 00000E
ADC_Start_Conversion@ret                           cstackCOMRAM 000010
ADC_Start_Conversion_Interrupt_Mode@adc_           cstackCOMRAM 000017
ADC_Start_Conversion_Interrupt_Mode@channel        cstackCOMRAM 000019
ADC_Start_Conversion_Interrupt_Mode@ret            cstackCOMRAM 00001A
CCP_Capture_Read_Value@F2943                       bssBANK0     0000C6
Dc_Motor_Intialize@_dc_motor                       cstackCOMRAM 00001D
Dc_Motor_Intialize@ret                             cstackCOMRAM 00001F
Dc_Motor_Stop@_dc_motor                            cstackCOMRAM 000019
Dc_Motor_Stop@ret                                  cstackCOMRAM 00001B
Dc_Motor_Turn_Right@_dc_motor                      cstackCOMRAM 000019
Dc_Motor_Turn_Right@ret                            cstackCOMRAM 00001B
EEPROM_Data_ReadByte@bAdd                          cstackCOMRAM 00000E
EEPROM_Data_ReadByte@bData                         cstackCOMRAM 000010
EEPROM_Data_ReadByte@ret                           cstackCOMRAM 000012
EEPROM_Data_WriteByte@Global_int_status            cstackCOMRAM 000011
EEPROM_Data_WriteByte@bAdd                         cstackCOMRAM 00000E
EEPROM_Data_WriteByte@bData                        cstackCOMRAM 000010
EEPROM_Data_WriteByte@ret                          cstackCOMRAM 000012
EUSART_ASYNC_RX_CONFIG@_usart                      cstackCOMRAM 00000E
EUSART_ASYNC_TX_CONFIG@_usart                      cstackCOMRAM 00000E
EUSART_ASYNC_WriteByteBlocking@_data               cstackCOMRAM 00000E
EUSART_ASYNC_WriteStringBlocking@_data             cstackCOMRAM 00000F
EUSART_ASYNC_WriteStringBlocking@str_count         cstackCOMRAM 000015
EUSART_ASYNC_WriteStringBlocking@str_len           cstackCOMRAM 000011
EUSART_Baud_Rate_Calculation@_usart                cstackCOMRAM 000045
EUSART_Baud_Rate_Calculation@baudrate_temp         cstackCOMRAM 000049
GPIO_Pin_Direction_Intialize@_Pin_Config_          cstackCOMRAM 00000E
GPIO_Pin_Direction_Intialize@ret                   cstackCOMRAM 000016
GPIO_Pin_Intialize@_Pin_Config_                    cstackCOMRAM 000019
GPIO_Pin_Intialize@ret                             cstackCOMRAM 00001B
GPIO_Pin_Read_Logic@Logic                          cstackCOMRAM 000010
GPIO_Pin_Read_Logic@_Pin_Config_                   cstackCOMRAM 00000E
GPIO_Pin_Read_Logic@ret                            cstackCOMRAM 000018
GPIO_Pin_Write_Logic@Logic                         cstackCOMRAM 000010
GPIO_Pin_Write_Logic@_Pin_Config_                  cstackCOMRAM 00000E
GPIO_Pin_Write_Logic@ret                           cstackCOMRAM 000017
Key_Pad_Get_Value@_key_pad                         cstackCOMRAM 00001A
Key_Pad_Get_Value@coulmns                          cstackCOMRAM 000024
Key_Pad_Get_Value@coulmns_logic                    cstackCOMRAM 000022
Key_Pad_Get_Value@ret                              cstackCOMRAM 000020
Key_Pad_Get_Value@rows                             cstackCOMRAM 000023
Key_Pad_Get_Value@value                            cstackCOMRAM 00001C
Key_Pad_Intialize@_key_pad                         cstackCOMRAM 00001D
Key_Pad_Intialize@counter                          cstackCOMRAM 000023
Key_Pad_Intialize@ret                              cstackCOMRAM 000021
Led_Intialize@F2820                                bssBANK0     0000D8
Led_Intialize@Led                                  cstackCOMRAM 00001D
Led_Intialize@_pin_config_                         cstackCOMRAM 000022
Led_Intialize@ret                                  cstackCOMRAM 000020
Led_Toggle@F2835                                   bssBANK0     0000D5
Led_Turn_Off@F2830                                 bssBANK0     0000D6
Led_Turn_Off@Led                                   cstackCOMRAM 000019
Led_Turn_Off@_pin_config_                          cstackCOMRAM 00001E
Led_Turn_Off@ret                                   cstackCOMRAM 00001C
Led_Turn_On@F2825                                  bssBANK0     0000D7
Led_Turn_On@Led                                    cstackCOMRAM 000019
Led_Turn_On@_pin_config_                           cstackCOMRAM 00001E
Led_Turn_On@ret                                    cstackCOMRAM 00001C
MSSP_SPI_Msster_Mode_GPIO_PIN_Configurations@F2871 dataBANK0    0000E8
MSSP_SPI_Msster_Mode_GPIO_PIN_Configurations@F2873 dataBANK0    0000E7
MSSP_SPI_Msster_Mode_GPIO_PIN_Configurations@F2875 dataBANK0    0000E6
MSSP_SPI_Slave_Mode_GPIO_PIN_Configurations@F2880  dataBANK0    0000E5
MSSP_SPI_Slave_Mode_GPIO_PIN_Configurations@F2882  dataBANK0    0000E4
MSSP_SPI_Slave_Mode_GPIO_PIN_Configurations@F2884  dataBANK0    0000E3
MSSP_SPI_Slave_Mode_GPIO_PIN_Configurations@F2886  dataBANK0    0000E2
RB4_ISR@state                                      cstackCOMRAM 000001
RB5_ISR@state                                      cstackCOMRAM 000001
RB6_ISR@state                                      cstackCOMRAM 000001
RB7_ISR@state                                      cstackCOMRAM 000001
Relay_Intialize@F2818                              bssBANK0     0000D4
Relay_Turn_Off@F2829                               bssBANK0     0000D2
Relay_Turn_On@F2823                                bssBANK0     0000D3
USART_ASYNC_Intialization@_usart                   cstackCOMRAM 000051
USART_ASYNC_Intialization@ret                      cstackCOMRAM 000053
_ADCON0bits                                        (abs)        000FC2
_ADCON1bits                                        (abs)        000FC1
_ADCON2bits                                        (abs)        000FC0
_ADC_Channel_Selection                             text57       005108
_ADC_Get_Conversion_Result                         text81       003F06
_ADC_ISR                                           text79       005432
_ADC_Intialization                                 text25       0041A2
_ADC_Select_Voltage_Reference                      text27       0052E2
_ADC_Select_format_status                          text26       00532C
_ADC_Set_Channel_As_Inbut                          text58       0040D0
_ADC_Start_Conversion                              text56       005498
_ADC_Start_Conversion_Interrupt_Mode               text55       005296
_ADC_Temp_Smk_ISR                                  text80       004DC2
_ADC_interruptHandler                              bssBANK0     0000CC
_ADRESH                                            (abs)        000FC4
_ADRESL                                            (abs)        000FC3
_BAUDCONbits                                       (abs)        000FB8
_Buzzer                                            dataCOMRAM   000068
_CCP1CONbits                                       (abs)        000FBD
_CCP1_ISR                                          text78       005616
_CCP1_IntterruptHandeler                           bssBANK0     0000CA
_CCP2CONbits                                       (abs)        000FBA
_CCP2_ISR                                          text77       005612
_CCP2_IntterruptHandeler                           bssBANK0     0000C8
_CCPR1H                                            (abs)        000FBF
_CCPR1L                                            (abs)        000FBE
_CCPR2H                                            (abs)        000FBC
_CCPR2L                                            (abs)        000FBB
_Dc_Motor_Intialize                                text14       004F50
_Dc_Motor_Stop                                     text53       004E8C
_Dc_Motor_Turn_Right                               text52       004E28
_ECCP1ASbits                                       (abs)        000FB6
_ECCP_ISR                                          text76       00560E
_ECCP_IntterruptHandeler_                          bssBANK0     0000C4
_EEADR                                             (abs)        000FA9
_EEADRH                                            (abs)        000FAA
_EECON1bits                                        (abs)        000FA6
_EECON2                                            (abs)        000FA7
_EEDATA                                            (abs)        000FA8
_EEPROM_Data_ReadByte                              text51       0051AC
_EEPROM_Data_WriteByte                             text50       004CE6
_EUSART_ASYNC_RX_CONFIG                            text24       003FF4
_EUSART_ASYNC_TX_CONFIG                            text23       004590
_EUSART_ASYNC_WriteByteBlocking                    text49       0055A4
_EUSART_ASYNC_WriteStringBlocking                  text48       0051FC
_EUSART_Baud_Rate_Calculation                      text18       001D7C
_EUSART_Baud_Rate_Calculation$5892                 cstackCOMRAM 00004D
_EUSART_FRAMINGERRORDefaultHandler_                bssBANK0     000090
_EUSART_OVERRUNERRORDefaultHandler_                bssBANK0     00008E
_GPIO_Pin_Direction_Intialize                      text16       0037F4
_GPIO_Pin_Intialize                                text15       004EF0
_GPIO_Pin_Read_Logic                               text47       00433A
_GPIO_Pin_Write_Logic                              text54       003946
_I2C_DefaultInterruptHandle                        bssBANK0     0000C0
_I2C_Report_Write_Collision_InterruptHandler       bssBANK0     0000C2
_INT0_ISR                                          text75       00560A
_INT0_interruptHandler                             bssBANK0     0000BC
_INT1_ISR                                          text74       005606
_INT1_interruptHandler                             bssBANK0     0000BA
_INT2_ISR                                          text73       005602
_INT2_interruptHandler                             bssBANK0     0000B8
_INTCON2bits                                       (abs)        000FF1
_INTCON3bits                                       (abs)        000FF0
_INTCONbits                                        (abs)        000FF2
_InterruptManagerHigh                              intcode      000008
_Key_Pad_Array                                     smallconst   001001
_Key_Pad_Get_Value                                 text46       003E00
_Key_Pad_Intialize                                 text13       004A7E
_LATA                                              (abs)        000F89
_LATB                                              (abs)        000F8A
_LATC                                              (abs)        000F8B
_LATD                                              (abs)        000F8C
_LATE                                              (abs)        000F8D
_Lat_Reg                                           dataBANK1    000149
_Led_Intialize                                     text12       0049F0
_Led_Turn_Off                                      text45       0048D0
_Led_Turn_On                                       text44       00483E
_MSSP_I2C_BC_ISR                                   text72       0055FE
_MSSP_I2C_ISR                                      text71       0055FA
_MSSP_SPI_IntterruptHandeler                       bssBANK0     0000A6
_PIE1bits                                          (abs)        000F9D
_PIE2bits                                          (abs)        000FA0
_PIR1bits                                          (abs)        000F9E
_PIR2bits                                          (abs)        000FA1
_PORTA                                             (abs)        000F80
_PORTB                                             (abs)        000F81
_PORTBbits                                         (abs)        000F81
_PORTC                                             (abs)        000F82
_PORTD                                             (abs)        000F83
_PORTE                                             (abs)        000F84
_PR2                                               (abs)        000FCB
_PWM1CONbits                                       (abs)        000FB7
_Port_Reg                                          dataBANK1    00013F
_RB4_ISR                                           text70       00558A
_RB4_flag                                          dataCOMRAM   000067
_RB4_interruptHandler_High                         bssBANK0     0000B6
_RB4_interruptHandler_Low                          bssBANK0     0000B4
_RB5_ISR                                           text69       005570
_RB5_flag                                          dataCOMRAM   000066
_RB5_interruptHandler_High                         bssBANK0     0000B2
_RB5_interruptHandler_Low                          bssBANK0     0000B0
_RB6_ISR                                           text68       005556
_RB6_flag                                          dataCOMRAM   000065
_RB6_interruptHandler_High                         bssBANK0     0000AE
_RB6_interruptHandler_Low                          bssBANK0     0000AC
_RB7_ISR                                           text67       00553C
_RB7_flag                                          dataCOMRAM   000064
_RB7_interruptHandler_High                         bssBANK0     0000AA
_RB7_interruptHandler_Low                          bssBANK0     0000A8
_RCREG                                             (abs)        000FAE
_RCSTAbits                                         (abs)        000FAB
_SPBRG                                             (abs)        000FAF
_SPBRGH                                            (abs)        000FB0
_SPI_ISR                                           text66       0055F6
_SSPADD                                            (abs)        000FC8
_SSPBUF                                            (abs)        000FC9
_SSPCON1bits                                       (abs)        000FC6
_SSPCON2bits                                       (abs)        000FC5
_SSPSTATbits                                       (abs)        000FC7
_T0CONbits                                         (abs)        000FD5
_T1CONbits                                         (abs)        000FCD
_T2CONbits                                         (abs)        000FCA
_T3CONbits                                         (abs)        000FB1
_TIMER0_ISR                                        text65       0055D6
_TIMER0_IntterruptHandeler                         bssBANK0     0000A4
_TIMER1_ISR                                        text64       0055CA
_TIMER1_IntterruptHandeler                         bssBANK0     0000A0
_TIMER2_ISR                                        text63       0055E2
_TIMER2_IntterruptHandeler_                        bssBANK0     00009C
_TIMER3_ISR                                        text62       0055BC
_TIMER3_InterruptHandler                           bssBANK0     000098
_TMR0H                                             (abs)        000FD7
_TMR0L                                             (abs)        000FD6
_TMR1H                                             (abs)        000FCF
_TMR1L                                             (abs)        000FCE
_TMR2                                              (abs)        000FCC
_TMR3H                                             (abs)        000FB3
_TMR3L                                             (abs)        000FB2
_TRISA                                             (abs)        000F92
_TRISB                                             (abs)        000F93
_TRISC                                             (abs)        000F94
_TRISCbits                                         (abs)        000F94
_TRISD                                             (abs)        000F95
_TRISE                                             (abs)        000F96
_TXREG                                             (abs)        000FAD
_TXSTAbits                                         (abs)        000FAC
_Tris_Reg                                          dataBANK1    000153
_USART_ASYNC_Intialization                         text17       004FAC
_USART_RX_ISR                                      text61       00561C
_USART_RX_IntterruptHandeler_                      bssBANK0     000092
_USART_TX_ISR                                      text60       0055F2
_USART_TX_IntterruptHandeler_                      bssBANK0     000094
__HRAM                                             (abs)        000000
__H__absolute__                                    __absolute__ 000000
__Habs1                                            abs1         000000
__Hbank0                                           bank0        000000
__Hbank1                                           bank1        000000
__Hbank10                                          bank10       000000
__Hbank11                                          bank11       000000
__Hbank12                                          bank12       000000
__Hbank13                                          bank13       000000
__Hbank14                                          bank14       000000
__Hbank15                                          bank15       000000
__Hbank2                                           bank2        000000
__Hbank3                                           bank3        000000
__Hbank4                                           bank4        000000
__Hbank5                                           bank5        000000
__Hbank6                                           bank6        000000
__Hbank7                                           bank7        000000
__Hbank8                                           bank8        000000
__Hbank9                                           bank9        000000
__Hbigbss                                          bigbss       000000
__Hbigdata                                         bigdata      000000
__Hbigram                                          bigram       000000
__Hbigsfr                                          bigsfr       000000
__Hbss                                             bss          000000
__HbssBANK0                                        bssBANK0     000000
__HbssBANK1                                        bssBANK1     000000
__HbssCOMRAM                                       bssCOMRAM    000000
__Hcinit                                           cinit        000000
__Hclrtext                                         clrtext      000000
__Hcomram                                          comram       000000
__Hconfig                                          config       30000E
__Hconst                                           const        000000
__HcstackBANK1                                     cstackBANK1  000000
__HcstackCOMRAM                                    cstackCOMRAM 000000
__Hdata                                            data         000000
__HdataBANK0                                       dataBANK0    000000
__HdataBANK1                                       dataBANK1    000000
__HdataCOMRAM                                      dataCOMRAM   000000
__Heeprom_data                                     eeprom_data  000000
__Hfarbss                                          farbss       000000
__Hfardata                                         fardata      000000
__Hheap                                            heap         000000
__Hibigdata                                        ibigdata     000000
__Hidata                                           idata        000000
__HidataBANK0                                      idataBANK0   000000
__HidataBANK1                                      idataBANK1   000000
__HidataCOMRAM                                     idataCOMRAM  000000
__Hidloc                                           idloc        200008
__Hifardata                                        ifardata     000000
__Hinit                                            init         000012
__Hintcode                                         intcode      00000E
__Hintcode_body                                    intcode_body 000000
__Hintcodelo                                       intcodelo    00000E
__Hintentry                                        intentry     000000
__Hintret                                          intret       000000
__Hintsave_regs                                    intsave_regs 000000
__Hirdata                                          irdata       000000
__Hmediumconst                                     mediumconst  000000
__HnvBANK1                                         nvBANK1      000000
__HnvFARRAM                                        nvFARRAM     000000
__Hnvbit                                           nvbit        000000
__Hnvrram                                          nvrram       000000
__Hparam                                           rparam       000000
__Hpowerup                                         powerup      00000E
__Hram                                             ram          000000
__Hramtop                                          ramtop       001000
__Hrbit                                            rbit         000000
__Hrbss                                            rbss         000000
__Hrdata                                           rdata        000000
__Hreset_vec                                       reset_vec    000004
__Hrparam                                          rparam       000000
__Hsfr                                             sfr          000000
__Hsmallconst                                      smallconst   0010F8
__Hspace_0                                         (abs)        00561E
__Hspace_1                                         (abs)        00017C
__Hspace_2                                         (abs)        000000
__Hspace_4                                         (abs)        60000E
__Hstack                                           stack        000000
__Hstruct                                          struct       000000
__Htemp                                            temp         000072
__Htext                                            text         000000
__Htext0                                           text0        000000
__Htext1                                           text1        000000
__Htext10                                          text10       000000
__Htext11                                          text11       000000
__Htext12                                          text12       000000
__Htext13                                          text13       000000
__Htext14                                          text14       000000
__Htext15                                          text15       000000
__Htext16                                          text16       000000
__Htext17                                          text17       000000
__Htext18                                          text18       000000
__Htext19                                          text19       000000
__Htext2                                           text2        000000
__Htext20                                          text20       000000
__Htext21                                          text21       000000
__Htext22                                          text22       000000
__Htext23                                          text23       000000
__Htext24                                          text24       000000
__Htext25                                          text25       000000
__Htext26                                          text26       000000
__Htext27                                          text27       000000
__Htext28                                          text28       000000
__Htext29                                          text29       000000
__Htext3                                           text3        000000
__Htext30                                          text30       000000
__Htext31                                          text31       000000
__Htext32                                          text32       000000
__Htext33                                          text33       000000
__Htext34                                          text34       000000
__Htext35                                          text35       000000
__Htext36                                          text36       000000
__Htext37                                          text37       000000
__Htext38                                          text38       000000
__Htext39                                          text39       000000
__Htext4                                           text4        000000
__Htext40                                          text40       000000
__Htext41                                          text41       000000
__Htext42                                          text42       000000
__Htext43                                          text43       000000
__Htext44                                          text44       000000
__Htext45                                          text45       000000
__Htext46                                          text46       000000
__Htext47                                          text47       000000
__Htext48                                          text48       000000
__Htext49                                          text49       000000
__Htext5                                           text5        000000
__Htext50                                          text50       000000
__Htext51                                          text51       000000
__Htext52                                          text52       000000
__Htext53                                          text53       000000
__Htext54                                          text54       000000
__Htext55                                          text55       000000
__Htext56                                          text56       000000
__Htext57                                          text57       000000
__Htext58                                          text58       000000
__Htext6                                           text6        000000
__Htext60                                          text60       000000
__Htext61                                          text61       000000
__Htext62                                          text62       000000
__Htext63                                          text63       000000
__Htext64                                          text64       000000
__Htext65                                          text65       000000
__Htext66                                          text66       000000
__Htext67                                          text67       000000
__Htext68                                          text68       000000
__Htext69                                          text69       000000
__Htext7                                           text7        000000
__Htext70                                          text70       000000
__Htext71                                          text71       000000
__Htext72                                          text72       000000
__Htext73                                          text73       000000
__Htext74                                          text74       000000
__Htext75                                          text75       000000
__Htext76                                          text76       000000
__Htext77                                          text77       000000
__Htext78                                          text78       000000
__Htext79                                          text79       000000
__Htext8                                           text8        000000
__Htext80                                          text80       000000
__Htext81                                          text81       000000
__Htext82                                          text82       000000
__Htext9                                           text9        000000
__LRAM                                             (abs)        000001
__L__absolute__                                    __absolute__ 000000
__Labs1                                            abs1         000000
__Lbank0                                           bank0        000000
__Lbank1                                           bank1        000000
__Lbank10                                          bank10       000000
__Lbank11                                          bank11       000000
__Lbank12                                          bank12       000000
__Lbank13                                          bank13       000000
__Lbank14                                          bank14       000000
__Lbank15                                          bank15       000000
__Lbank2                                           bank2        000000
__Lbank3                                           bank3        000000
__Lbank4                                           bank4        000000
__Lbank5                                           bank5        000000
__Lbank6                                           bank6        000000
__Lbank7                                           bank7        000000
__Lbank8                                           bank8        000000
__Lbank9                                           bank9        000000
__Lbigbss                                          bigbss       000000
__Lbigdata                                         bigdata      000000
__Lbigram                                          bigram       000000
__Lbigsfr                                          bigsfr       000000
__Lbss                                             bss          000000
__LbssBANK0                                        bssBANK0     000000
__LbssBANK1                                        bssBANK1     000000
__LbssCOMRAM                                       bssCOMRAM    000000
__Lcinit                                           cinit        000000
__Lclrtext                                         clrtext      000000
__Lcomram                                          comram       000000
__Lconfig                                          config       000000
__Lconst                                           const        000000
__LcstackBANK1                                     cstackBANK1  000000
__LcstackCOMRAM                                    cstackCOMRAM 000000
__Ldata                                            data         000000
__LdataBANK0                                       dataBANK0    000000
__LdataBANK1                                       dataBANK1    000000
__LdataCOMRAM                                      dataCOMRAM   000000
__Leeprom_data                                     eeprom_data  000000
__Lfarbss                                          farbss       000000
__Lfardata                                         fardata      000000
__Lheap                                            heap         000000
__Libigdata                                        ibigdata     000000
__Lidata                                           idata        000000
__LidataBANK0                                      idataBANK0   000000
__LidataBANK1                                      idataBANK1   000000
__LidataCOMRAM                                     idataCOMRAM  000000
__Lidloc                                           idloc        000000
__Lifardata                                        ifardata     000000
__Linit                                            init         00000E
__Lintcode                                         intcode      000008
__Lintcode_body                                    intcode_body 000000
__Lintcodelo                                       intcodelo    00000E
__Lintentry                                        intentry     000000
__Lintret                                          intret       000000
__Lintsave_regs                                    intsave_regs 000000
__Lirdata                                          irdata       000000
__Lmediumconst                                     mediumconst  000000
__LnvBANK1                                         nvBANK1      000000
__LnvFARRAM                                        nvFARRAM     000000
__Lnvbit                                           nvbit        000000
__Lnvrram                                          nvrram       000000
__Lparam                                           rparam       000000
__Lpowerup                                         powerup      00000E
__Lram                                             ram          000000
__Lramtop                                          ramtop       001000
__Lrbit                                            rbit         000000
__Lrbss                                            rbss         000000
__Lrdata                                           rdata        000000
__Lreset_vec                                       reset_vec    000000
__Lrparam                                          rparam       000000
__Lsfr                                             sfr          000000
__Lsmallconst                                      smallconst   001000
__Lspace_0                                         (abs)        000000
__Lspace_1                                         (abs)        000000
__Lspace_2                                         (abs)        000000
__Lspace_4                                         (abs)        000000
__Lstack                                           stack        000000
__Lstruct                                          struct       000000
__Ltemp                                            temp         000071
__Ltext                                            text         000000
__Ltext0                                           text0        000000
__Ltext1                                           text1        000000
__Ltext10                                          text10       000000
__Ltext11                                          text11       000000
__Ltext12                                          text12       000000
__Ltext13                                          text13       000000
__Ltext14                                          text14       000000
__Ltext15                                          text15       000000
__Ltext16                                          text16       000000
__Ltext17                                          text17       000000
__Ltext18                                          text18       000000
__Ltext19                                          text19       000000
__Ltext2                                           text2        000000
__Ltext20                                          text20       000000
__Ltext21                                          text21       000000
__Ltext22                                          text22       000000
__Ltext23                                          text23       000000
__Ltext24                                          text24       000000
__Ltext25                                          text25       000000
__Ltext26                                          text26       000000
__Ltext27                                          text27       000000
__Ltext28                                          text28       000000
__Ltext29                                          text29       000000
__Ltext3                                           text3        000000
__Ltext30                                          text30       000000
__Ltext31                                          text31       000000
__Ltext32                                          text32       000000
__Ltext33                                          text33       000000
__Ltext34                                          text34       000000
__Ltext35                                          text35       000000
__Ltext36                                          text36       000000
__Ltext37                                          text37       000000
__Ltext38                                          text38       000000
__Ltext39                                          text39       000000
__Ltext4                                           text4        000000
__Ltext40                                          text40       000000
__Ltext41                                          text41       000000
__Ltext42                                          text42       000000
__Ltext43                                          text43       000000
__Ltext44                                          text44       000000
__Ltext45                                          text45       000000
__Ltext46                                          text46       000000
__Ltext47                                          text47       000000
__Ltext48                                          text48       000000
__Ltext49                                          text49       000000
__Ltext5                                           text5        000000
__Ltext50                                          text50       000000
__Ltext51                                          text51       000000
__Ltext52                                          text52       000000
__Ltext53                                          text53       000000
__Ltext54                                          text54       000000
__Ltext55                                          text55       000000
__Ltext56                                          text56       000000
__Ltext57                                          text57       000000
__Ltext58                                          text58       000000
__Ltext6                                           text6        000000
__Ltext60                                          text60       000000
__Ltext61                                          text61       000000
__Ltext62                                          text62       000000
__Ltext63                                          text63       000000
__Ltext64                                          text64       000000
__Ltext65                                          text65       000000
__Ltext66                                          text66       000000
__Ltext67                                          text67       000000
__Ltext68                                          text68       000000
__Ltext69                                          text69       000000
__Ltext7                                           text7        000000
__Ltext70                                          text70       000000
__Ltext71                                          text71       000000
__Ltext72                                          text72       000000
__Ltext73                                          text73       000000
__Ltext74                                          text74       000000
__Ltext75                                          text75       000000
__Ltext76                                          text76       000000
__Ltext77                                          text77       000000
__Ltext78                                          text78       000000
__Ltext79                                          text79       000000
__Ltext8                                           text8        000000
__Ltext80                                          text80       000000
__Ltext81                                          text81       000000
__Ltext82                                          text82       000000
__Ltext9                                           text9        000000
__S0                                               (abs)        00561E
__S1                                               (abs)        00017C
__S4                                               (abs)        000000
__S5                                               (abs)        000000
___awdiv                                           text39       0044CC
___awdiv@counter                                   cstackCOMRAM 000012
___awdiv@dividend                                  cstackCOMRAM 00000E
___awdiv@divisor                                   cstackCOMRAM 000010
___awdiv@quotient                                  cstackCOMRAM 000014
___awdiv@sign                                      cstackCOMRAM 000013
___awmod                                           text38       0046F4
___awmod@counter                                   cstackCOMRAM 000012
___awmod@dividend                                  cstackCOMRAM 00000E
___awmod@divisor                                   cstackCOMRAM 000010
___awmod@sign                                      cstackCOMRAM 000013
___fladd                                           text22       00226A
___fladd@a                                         cstackCOMRAM 000039
___fladd@aexp                                      cstackCOMRAM 000042
___fladd@b                                         cstackCOMRAM 000035
___fladd@bexp                                      cstackCOMRAM 000043
___fladd@grs                                       cstackCOMRAM 000044
___fladd@signs                                     cstackCOMRAM 000041
___fldiv                                           text21       002F9A
___fldiv@a                                         cstackCOMRAM 000020
___fldiv@aexp                                      cstackCOMRAM 000034
___fldiv@b                                         cstackCOMRAM 00001C
___fldiv@bexp                                      cstackCOMRAM 000033
___fldiv@grs                                       cstackCOMRAM 00002F
___fldiv@new_exp                                   cstackCOMRAM 00002D
___fldiv@rem                                       cstackCOMRAM 000028
___fldiv@sign                                      cstackCOMRAM 00002C
___flmul                                           text43       002B70
___flmul@a                                         cstackCOMRAM 000020
___flmul@aexp                                      cstackCOMRAM 000029
___flmul@b                                         cstackCOMRAM 00001C
___flmul@bexp                                      cstackCOMRAM 00002E
___flmul@grs                                       cstackCOMRAM 00002A
___flmul@prod                                      cstackCOMRAM 00002F
___flmul@sign                                      cstackCOMRAM 000028
___flmul@temp                                      cstackCOMRAM 000033
___fltol                                           text20       003CFA
___fltol@exp1                                      cstackCOMRAM 00003E
___fltol@f1                                        cstackCOMRAM 000035
___fltol@sign1                                     cstackCOMRAM 00003D
___heap_hi                                         (abs)        000000
___heap_lo                                         (abs)        000000
___inthi_sp                                        stack        000000
___intlo_sp                                        stack        000000
___lwdiv                                           text42       004C72
___lwdiv@counter                                   cstackCOMRAM 000018
___lwdiv@dividend                                  cstackCOMRAM 000014
___lwdiv@divisor                                   cstackCOMRAM 000016
___lwdiv@quotient                                  cstackCOMRAM 000019
___param_bank                                      (abs)        000000
___rparam_used                                     (abs)        000001
___sp                                              stack        000000
___wmul                                            text41       0054F8
___wmul@multiplicand                               cstackCOMRAM 000010
___wmul@multiplier                                 cstackCOMRAM 00000E
___wmul@product                                    cstackCOMRAM 000012
___xxtofl                                          text19       003334
___xxtofl@arg                                      cstackCOMRAM 000018
___xxtofl@exp                                      cstackCOMRAM 000017
___xxtofl@sign                                     cstackCOMRAM 000016
___xxtofl@val                                      cstackCOMRAM 00000E
__accesstop                                        (abs)        000080
__activetblptr                                     (abs)        000003
__end_of_ADC_Channel_Selection                     text57       00515C
__end_of_ADC_Get_Conversion_Result                 text81       003FF4
__end_of_ADC_ISR                                   text79       005466
__end_of_ADC_Intialization                         text25       004270
__end_of_ADC_Select_Voltage_Reference              text27       00532C
__end_of_ADC_Select_format_status                  text26       005370
__end_of_ADC_Set_Channel_As_Inbut                  text58       0041A2
__end_of_ADC_Start_Conversion                      text56       0054CA
__end_of_ADC_Start_Conversion_Interrupt_Mode       text55       0052E2
__end_of_ADC_Temp_Smk_ISR                          text80       004E28
__end_of_CCP1_ISR                                  text78       00561A
__end_of_CCP2_ISR                                  text77       005616
__end_of_Dc_Motor_Intialize                        text14       004FAC
__end_of_Dc_Motor_Stop                             text53       004EF0
__end_of_Dc_Motor_Turn_Right                       text52       004E8C
__end_of_ECCP_ISR                                  text76       005612
__end_of_EEPROM_Data_ReadByte                      text51       0051FC
__end_of_EEPROM_Data_WriteByte                     text50       004D58
__end_of_EUSART_ASYNC_RX_CONFIG                    text24       0040D0
__end_of_EUSART_ASYNC_TX_CONFIG                    text23       004644
__end_of_EUSART_ASYNC_WriteByteBlocking            text49       0055BC
__end_of_EUSART_ASYNC_WriteStringBlocking          text48       00524A
__end_of_EUSART_Baud_Rate_Calculation              text18       00226A
__end_of_GPIO_Pin_Direction_Intialize              text16       003946
__end_of_GPIO_Pin_Intialize                        text15       004F50
__end_of_GPIO_Pin_Read_Logic                       text47       004404
__end_of_GPIO_Pin_Write_Logic                      text54       003A8C
__end_of_INT0_ISR                                  text75       00560E
__end_of_INT1_ISR                                  text74       00560A
__end_of_INT2_ISR                                  text73       005606
__end_of_InterruptManagerHigh                      intcode_body 002B70
__end_of_Key_Pad_Array                             smallconst   001011
__end_of_Key_Pad_Get_Value                         text46       003F06
__end_of_Key_Pad_Intialize                         text13       004B04
__end_of_Led_Intialize                             text12       004A7E
__end_of_Led_Turn_Off                              text45       004962
__end_of_Led_Turn_On                               text44       0048D0
__end_of_MSSP_I2C_BC_ISR                           text72       005602
__end_of_MSSP_I2C_ISR                              text71       0055FE
__end_of_RB4_ISR                                   text70       0055A4
__end_of_RB5_ISR                                   text69       00558A
__end_of_RB6_ISR                                   text68       005570
__end_of_RB7_ISR                                   text67       005556
__end_of_SPI_ISR                                   text66       0055FA
__end_of_TIMER0_ISR                                text65       0055E2
__end_of_TIMER1_ISR                                text64       0055D6
__end_of_TIMER2_ISR                                text63       0055EA
__end_of_TIMER3_ISR                                text62       0055CA
__end_of_USART_ASYNC_Intialization                 text17       005008
__end_of_USART_RX_ISR                              text61       00561E
__end_of_USART_TX_ISR                              text60       0055F6
__end_of___awdiv                                   text39       004590
__end_of___awmod                                   text38       0047A4
__end_of___fladd                                   text22       00272A
__end_of___fldiv                                   text21       003334
__end_of___flmul                                   text43       002F9A
__end_of___fltol                                   text20       003E00
__end_of___lwdiv                                   text42       004CE6
__end_of___wmul                                    text41       00551E
__end_of___xxtofl                                  text19       0034E8
__end_of__initialization                           cinit        0049E6
__end_of_abs                                       text37       0053F4
__end_of_convert_short_to_string                   text28       0044CC
__end_of_dtoa                                      text32       00367E
__end_of_ecu_intialize                             text7        005432
__end_of_fputc                                     text35       00433A
__end_of_fputs                                     text34       0053B4
__end_of_intialization                             text6        00505E
__end_of_lcd_intialize                             text8        003BCE
__end_of_lcd_send_4_bit_data                       text11       0050B4
__end_of_lcd_send_ATpos_char_data                  text3        005108
__end_of_lcd_send_ATpos_string_data                text1        004DC2
__end_of_lcd_send_char_data                        text5        004B7E
__end_of_lcd_send_command                          text9        004BF8
__end_of_lcd_send_enable                           text10       005498
__end_of_lcd_send_string_data                      text2        0046F4
__end_of_lcd_set_cursor                            text4        00483E
__end_of_main                                      text0        001D7C
__end_of_memset                                    text40       0037F4
__end_of_pad                                       text33       004C72
__end_of_putch                                     text36       00561C
__end_of_sprintf                                   text29       005296
__end_of_vfpfcnvrt                                 text31       003CFA
__end_of_vfprintf                                  text30       0051AC
__initialization                                   cinit        004962
__mediumconst                                      mediumconst  000000
__pbssBANK0                                        bssBANK0     000080
__pbssBANK1                                        bssBANK1     000100
__pbssCOMRAM                                       bssCOMRAM    00006B
__pcinit                                           cinit        004962
__pcstackBANK1                                     cstackBANK1  00016C
__pcstackCOMRAM                                    cstackCOMRAM 000001
__pdataBANK0                                       dataBANK0    0000E1
__pdataBANK1                                       dataBANK1    00013F
__pdataCOMRAM                                      dataCOMRAM   000064
__pidataBANK0                                      idataBANK0   00551E
__pidataBANK1                                      idataBANK1   0054CA
__pidataCOMRAM                                     idataCOMRAM  0055EA
__pintcode                                         intcode      000008
__pintcode_body                                    intcode_body 00272A
__pnvBANK1                                         nvBANK1      00017A
__psmallconst                                      smallconst   001000
__ptext0                                           text0        0010F8
__ptext1                                           text1        004D58
__ptext10                                          text10       005466
__ptext11                                          text11       00505E
__ptext12                                          text12       0049F0
[...]
__ptext77                                          text77       005612
__ptext78                                          text78       005616
__ptext79                                          text79       005432
__ptext8                                           text8        003A8C
__ptext80                                          text80       004DC2
__ptext81                                          text81       003F06
__ptext82                                          text82       000000
__ptext9                                           text9        004B7E
__ramtop                                           ramtop       001000
__smallconst                                       smallconst   001000
_abs                                               text37       0053B4
_adc_flag                                          bssCOMRAM    00006E
_adc_temp_smk                                      dataBANK0    0000F1
_check_pass_1                                      bssBANK0     0000E0
_check_pass_2                                      bssBANK0     0000DF
_check_pass_3                                      bssBANK0     0000DE
_conv_result_smoke                                 bssBANK0     0000D9
_conv_result_temp                                  bssBANK0     0000DB
_convert_short_to_string                           text28       004404
_counter_set_new                                   dataBANK0    0000E1
_counter_set_new_read                              bssBANK0     0000DD
_dbuf                                              bssBANK1     000111
_dc_motor1                                         dataBANK0    0000FD
_dtoa                                              text32       0034E8
_dtoa$5351                                         cstackCOMRAM 00002D
_ecu_intialize                                     text7        0053F4
_eeprom_address                                    bssCOMRAM    00006F
_flag                                              bssBANK0     0000D0
_flags                                             bssBANK0     0000CE
_fputc                                             text35       004270
_fputs                                             text34       005370
_intialization                                     text6        005008
_key_pad1                                          dataBANK0    0000E9
_lcd1                                              dataBANK0    0000F7
_lcd_intialize                                     text8        003A8C
_lcd_send_4_bit_data                               text11       00505E
_lcd_send_ATpos_char_data                          text3        0050B4
_lcd_send_ATpos_string_data                        text1        004D58
_lcd_send_char_data                                text5        004B04
_lcd_send_command                                  text9        004B7E
_lcd_send_enable                                   text10       005466
_lcd_send_string_data                              text2        004644
_lcd_set_cursor                                    text4        0047A4
_led_red                                           dataCOMRAM   00006A
_led_yellow                                        dataCOMRAM   000069
_main                                              text0        0010F8
_memset                                            text40       00367E
_pad                                               text33       004BF8
_pass_status                                       bssBANK0     0000D1
_pre_load                                          bssBANK0     0000A2
_pre_load@mcal_timer1$F3775                        bssBANK0     00009E
_pre_load@mcal_timer2$F3945                        bssBANK0     00009A
_prec                                              bssBANK0     00008A
_putch                                             text36       00561A
_ret                                               nvBANK1      00017A
_smoke_level                                       bssBANK0     00008C
_smoke_level_rate                                  bssCOMRAM    00006D
_smoke_level_txt                                   bssBANK1     000131
_sprintf                                           text29       00524A
_step_size_temp_smk                                bssBANK0     000080
_temperature                                       bssCOMRAM    00006B
_temperature_txt                                   bssBANK1     000138
_timer3_preload_value                              bssBANK0     000096
_uart                                              dataBANK1    00015D
_value_PRESSED                                     bssCOMRAM    000070
_vfpfcnvrt                                         text31       003BCE
_vfprintf                                          text30       00515C
_width                                             bssBANK0     000088
_wrong                                             bssBANK0     0000CF
abs@a                                              cstackCOMRAM 000014
btemp                                              temp         000071
convert_short_to_string@counter                    cstackBANK1  000174
convert_short_to_string@l_str                      cstackBANK1  00016C
convert_short_to_string@ret                        cstackBANK1  000172
convert_short_to_string@str                        cstackCOMRAM 000062
convert_short_to_string@value                      cstackCOMRAM 000060
dtoa@d                                             cstackCOMRAM 00002B
dtoa@fp                                            cstackCOMRAM 000029
dtoa@i                                             cstackCOMRAM 000034
dtoa@p                                             cstackCOMRAM 00002F
dtoa@s                                             cstackCOMRAM 000033
dtoa@w                                             cstackCOMRAM 000031
end_of_initialization                              cinit        0049E6
fputc@c                                            cstackCOMRAM 00000E
fputc@fp                                           cstackCOMRAM 000010
fputs@c                                            cstackCOMRAM 00001B
fputs@fp                                           cstackCOMRAM 000019
fputs@i                                            cstackCOMRAM 00001C
fputs@s                                            cstackCOMRAM 000017
int$flags                                          temp         000071
int_func                                           intcode_body 00272A
intlevel0                                          text         000000
intlevel1                                          text         000000
intlevel2                                          text         000000
intlevel3                                          text         000000
isa$std                                            (abs)        000001
isa$xinst                                          (abs)        000000
lcd_intialize@_LCD_                                cstackCOMRAM 000026
lcd_intialize@data_pin_counter                     cstackCOMRAM 00002C
lcd_intialize@ret                                  cstackCOMRAM 00002A
lcd_send_4_bit_data@_LCD_                          cstackCOMRAM 000019
lcd_send_4_bit_data@_data_command                  cstackCOMRAM 00001B
lcd_send_4_bit_data@pin_counter                    cstackCOMRAM 000020
lcd_send_ATpos_char_data@_LCD_                     cstackCOMRAM 00002C
lcd_send_ATpos_char_data@coulmns                   cstackCOMRAM 00002F
lcd_send_ATpos_char_data@data                      cstackCOMRAM 000030
lcd_send_ATpos_char_data@ret                       cstackCOMRAM 000031
lcd_send_ATpos_char_data@row                       cstackCOMRAM 00002E
lcd_send_ATpos_string_data@_LCD_                   cstackCOMRAM 00002C
lcd_send_ATpos_string_data@coulmns                 cstackCOMRAM 00002F
lcd_send_ATpos_string_data@ret                     cstackCOMRAM 000032
lcd_send_ATpos_string_data@row                     cstackCOMRAM 00002E
lcd_send_ATpos_string_data@str                     cstackCOMRAM 000030
lcd_send_char_data@_LCD_                           cstackCOMRAM 000021
lcd_send_char_data@data                            cstackCOMRAM 000023
lcd_send_char_data@ret                             cstackCOMRAM 000024
lcd_send_command@_LCD_                             cstackCOMRAM 000021
lcd_send_command@command                           cstackCOMRAM 000023
lcd_send_command@ret                               cstackCOMRAM 000024
lcd_send_enable@_LCD_                              cstackCOMRAM 000019
lcd_send_string_data@_LCD_                         cstackCOMRAM 000026
lcd_send_string_data@ret                           cstackCOMRAM 00002A
lcd_send_string_data@str                           cstackCOMRAM 000028
lcd_set_cursor@_LCD_                               cstackCOMRAM 000026
lcd_set_cursor@coulmn                              cstackCOMRAM 000029
lcd_set_cursor@row                                 cstackCOMRAM 000028
main@Second_digit                                  cstackBANK1  000178
main@first_digit                                   cstackBANK1  000177
main@third_digit                                   cstackBANK1  000179
memset@c                                           cstackCOMRAM 000010
memset@dest                                        cstackCOMRAM 00000E
memset@k                                           cstackCOMRAM 000016
memset@n                                           cstackCOMRAM 000012
memset@s                                           cstackCOMRAM 000018
pad@buf                                            cstackCOMRAM 000020
pad@fp                                             cstackCOMRAM 00001E
pad@i                                              cstackCOMRAM 000025
pad@p                                              cstackCOMRAM 000022
pad@w                                              cstackCOMRAM 000027
sprintf@ap                                         cstackCOMRAM 000052
sprintf@f                                          cstackCOMRAM 000054
sprintf@fmt                                        cstackCOMRAM 00004E
sprintf@s                                          cstackCOMRAM 00004C
stackhi                                            (abs)        000000
stacklo                                            (abs)        000000
start                                              init         00000E
start_initialization                               cinit        004962
ttemp5                                             temp         000072
ttemp6                                             temp         000075
ttemp7                                             temp         000079
vfpfcnvrt@ap                                       cstackCOMRAM 00003A
vfpfcnvrt@convarg                                  cstackCOMRAM 00003E
vfpfcnvrt@cp                                       cstackCOMRAM 000042
vfpfcnvrt@fmt                                      cstackCOMRAM 000038
vfpfcnvrt@fp                                       cstackCOMRAM 000036
vfprintf@ap                                        cstackCOMRAM 000048
vfprintf@cfmt                                      cstackCOMRAM 00004A
vfprintf@fmt                                       cstackCOMRAM 000046
vfprintf@fp                                        cstackCOMRAM 000044
wtemp8                                             temp         000072


MODULE INFORMATION

Module		Function		Class		Link	Load	Size
C:\Program Files\Microchip\xc8\v2.41\pic\sources\c99\common\awmod.c
		___awmod       		CODE           	46F4	0000	176

C:\Program Files\Microchip\xc8\v2.41\pic\sources\c99\common\awmod.c estimated size: 176

MCAL_Layer/ECCP/hal_eccp.c
		_ECCP_ISR      		CODE           	560E	0000	4

MCAL_Layer/ECCP/hal_eccp.c estimated size: 4

C:\Program Files\Microchip\xc8\v2.41\pic\sources\c99\common\fltol.c
		___fltol       		CODE           	3CFA	0000	262

C:\Program Files\Microchip\xc8\v2.41\pic\sources\c99\common\fltol.c estimated size: 262

MCAL_Layer/Timer2/mcal_timer2.c
		_TIMER2_ISR    		CODE           	55E2	0000	8

MCAL_Layer/Timer2/mcal_timer2.c estimated size: 8

C:\Program Files\Microchip\xc8\v2.41\pic\sources\c99\common\xxtofl.c
		___xxtofl      		CODE           	3334	0000	436

C:\Program Files\Microchip\xc8\v2.41\pic\sources\c99\common\xxtofl.c estimated size: 436

ECU_Layer/Key_Pad/ecu_key_pad.c
		_Key_Pad_Get_Value		CODE           	3E00	0000	262
		_Key_Pad_Intialize		CODE           	4A7E	0000	134

ECU_Layer/Key_Pad/ecu_key_pad.c estimated size: 396

MCAL_Layer/Timer0/mcal_timer0.c
		_TIMER0_ISR    		CODE           	55D6	0000	12

MCAL_Layer/Timer0/mcal_timer0.c estimated size: 12

C:\Program Files\Microchip\xc8\v2.41\pic\sources\c99\common\nf_fputc.c
		_fputc         		CODE           	4270	0000	202

C:\Program Files\Microchip\xc8\v2.41\pic\sources\c99\common\nf_fputc.c estimated size: 202

C:\Program Files\Microchip\xc8\v2.41\pic\sources\c99\common\memset.c
		_memset        		CODE           	367E	0000	374

C:\Program Files\Microchip\xc8\v2.41\pic\sources\c99\common\memset.c estimated size: 374

C:\Program Files\Microchip\xc8\v2.41\pic\sources\c99\common\nf_sprintf.c
		_sprintf       		CODE           	524A	0000	76

C:\Program Files\Microchip\xc8\v2.41\pic\sources\c99\common\nf_sprintf.c estimated size: 76

C:\Program Files\Microchip\xc8\v2.41\pic\sources\c99\common\sprcadd.c
		___fladd       		CODE           	226A	0000	1216

C:\Program Files\Microchip\xc8\v2.41\pic\sources\c99\common\sprcadd.c estimated size: 1216

MCAL_Layer/SPI/hal_spi.c
		_SPI_ISR       		CODE           	55F6	0000	4

MCAL_Layer/SPI/hal_spi.c estimated size: 4

ECU_Layer/Ch_LCD/ecu_ch_lcd.c
		_convert_short_to_string		CODE           	4404	0000	200
		_lcd_send_ATpos_string_data		CODE           	4D58	0000	106
		_lcd_send_command		CODE           	4B7E	0000	122
		_lcd_send_char_data		CODE           	4B04	0000	122
		_lcd_set_cursor		CODE           	47A4	0000	154
		_lcd_send_enable		CODE           	5466	0000	50
		_lcd_send_string_data		CODE           	4644	0000	176
		_lcd_intialize 		CODE           	3A8C	0000	322
		_lcd_send_ATpos_char_data		CODE           	50B4	0000	84
		_lcd_send_4_bit_data		CODE           	505E	0000	86

ECU_Layer/Ch_LCD/ecu_ch_lcd.c estimated size: 1422

C:\Program Files\Microchip\xc8\v2.41\pic\sources\c99\common\lwdiv.c
		___lwdiv       		CODE           	4C72	0000	116

C:\Program Files\Microchip\xc8\v2.41\pic\sources\c99\common\lwdiv.c estimated size: 116

C:\Program Files\Microchip\xc8\v2.41\pic\sources\c99\common\awdiv.c
		___awdiv       		CODE           	44CC	0000	196

C:\Program Files\Microchip\xc8\v2.41\pic\sources\c99\common\awdiv.c estimated size: 196

MCAL_Layer/GPIO/hal_GPIO.c
		_GPIO_Pin_Intialize		CODE           	4EF0	0000	96
		_GPIO_Pin_Read_Logic		CODE           	433A	0000	202
		_GPIO_Pin_Direction_Intialize		CODE           	37F4	0000	338
		_GPIO_Pin_Write_Logic		CODE           	3946	0000	326

MCAL_Layer/GPIO/hal_GPIO.c estimated size: 962

MCAL_Layer/I2C/hal_i2c.c
		_MSSP_I2C_ISR  		CODE           	55FA	0000	4
		_MSSP_I2C_BC_ISR		CODE           	55FE	0000	4

MCAL_Layer/I2C/hal_i2c.c estimated size: 8

C:\Program Files\Microchip\xc8\v2.41\pic\sources\c99\common\abs.c
		_abs           		CODE           	53B4	0000	64

C:\Program Files\Microchip\xc8\v2.41\pic\sources\c99\common\abs.c estimated size: 64

C:\Program Files\Microchip\xc8\v2.41\pic\sources\c99\common\doprnt.c
		_vfpfcnvrt     		CODE           	3BCE	0000	300
		_pad           		CODE           	4BF8	0000	122
		_dtoa          		CODE           	34E8	0000	406
		_vfprintf      		CODE           	515C	0000	80

C:\Program Files\Microchip\xc8\v2.41\pic\sources\c99\common\doprnt.c estimated size: 908

Application.c
		_main          		CODE           	10F8	0000	3204
		_ADC_Temp_Smk_ISR		CODE           	4DC2	0000	102
		_intialization 		CODE           	5008	0000	86

Application.c estimated size: 3392

MCAL_Layer/CCP1/hal_ccp.c
		_CCP1_ISR      		CODE           	5616	0000	4
		_CCP2_ISR      		CODE           	5612	0000	4

MCAL_Layer/CCP1/hal_ccp.c estimated size: 8

MCAL_Layer/MCAL_ADC/mcal_adc.c
		_ADC_Start_Conversion		CODE           	5498	0000	50
		_ADC_Select_Voltage_Reference		CODE           	52E2	0000	74
		_ADC_Get_Conversion_Result		CODE           	3F06	0000	238
		_ADC_ISR       		CODE           	5432	0000	52
		_ADC_Intialization		CODE           	41A2	0000	206
		_ADC_Set_Channel_As_Inbut		CODE           	40D0	0000	210
		_ADC_Start_Conversion_Interrupt_Mode		CODE           	5296	0000	76
		_ADC_Channel_Selection		CODE           	5108	0000	84
		_ADC_Select_format_status		CODE           	532C	0000	68

MCAL_Layer/MCAL_ADC/mcal_adc.c estimated size: 1058

MCAL_Layer/Timer3/mcal_timer3.c
		_TIMER3_ISR    		CODE           	55BC	0000	14

MCAL_Layer/Timer3/mcal_timer3.c estimated size: 14

MCAL_Layer/Timer1/mcal_timer1.c
		_TIMER1_ISR    		CODE           	55CA	0000	12

MCAL_Layer/Timer1/mcal_timer1.c estimated size: 12

shared
		_Key_Pad_Array 		SMALLCONST     	1001	0000	16
		__initialization		CODE           	4962	0000	132

shared estimated size: 148

MCAL_Layer/Interrupt/mcal_external_interrupt.c
		_RB4_ISR       		CODE           	558A	0000	26
		_RB5_ISR       		CODE           	5570	0000	26
		_RB6_ISR       		CODE           	5556	0000	26
		_RB7_ISR       		CODE           	553C	0000	26
		_INT0_ISR      		CODE           	560A	0000	4
		_INT1_ISR      		CODE           	5606	0000	4
		_INT2_ISR      		CODE           	5602	0000	4

MCAL_Layer/Interrupt/mcal_external_interrupt.c estimated size: 116

MCAL_Layer/Interrupt/mcal_interrupt_manager.c
		_InterruptManagerHigh		CODE           	0008	0000	1100

MCAL_Layer/Interrupt/mcal_interrupt_manager.c estimated size: 1100

MCAL_Layer/USART/hal_usart.c
		_USART_RX_ISR  		CODE           	561C	0000	2
		_EUSART_ASYNC_WriteByteBlocking		CODE           	55A4	0000	24
		_USART_TX_ISR  		CODE           	55F2	0000	4
		_EUSART_ASYNC_WriteStringBlocking		CODE           	51FC	0000	78
		_USART_ASYNC_Intialization		CODE           	4FAC	0000	92
		_EUSART_Baud_Rate_Calculation		CODE           	1D7C	0000	1262
		_EUSART_ASYNC_RX_CONFIG		CODE           	3FF4	0000	220
		_EUSART_ASYNC_TX_CONFIG		CODE           	4590	0000	180

MCAL_Layer/USART/hal_usart.c estimated size: 1862

C:\Program Files\Microchip\xc8\v2.41\pic\sources\c99\common\Umul16.c
		___wmul        		CODE           	54F8	0000	38

C:\Program Files\Microchip\xc8\v2.41\pic\sources\c99\common\Umul16.c estimated size: 38

C:\Program Files\Microchip\xc8\v2.41\pic\sources\c99\common\putch.c
		_putch         		CODE           	561A	0000	2

C:\Program Files\Microchip\xc8\v2.41\pic\sources\c99\common\putch.c estimated size: 2

C:\Program Files\Microchip\xc8\v2.41\pic\sources\c99\common\nf_fputs.c
		_fputs         		CODE           	5370	0000	68

C:\Program Files\Microchip\xc8\v2.41\pic\sources\c99\common\nf_fputs.c estimated size: 68

ECU_Layer/LED/ecu_Led.c
		_Led_Turn_On   		CODE           	483E	0000	146
		_Led_Turn_Off  		CODE           	48D0	0000	146
		_Led_Intialize 		CODE           	49F0	0000	142

ECU_Layer/LED/ecu_Led.c estimated size: 434

MCAL_Layer/EEPROM/mcal_eeprom.c
		_EEPROM_Data_ReadByte		CODE           	51AC	0000	80
		_EEPROM_Data_WriteByte		CODE           	4CE6	0000	114

MCAL_Layer/EEPROM/mcal_eeprom.c estimated size: 194

ECU_Layer/ecu_intialize.c
		_ecu_intialize 		CODE           	53F4	0000	62

ECU_Layer/ecu_intialize.c estimated size: 62

C:\Program Files\Microchip\xc8\v2.41\pic\sources\c99\common\sprcmul.c
		___flmul       		CODE           	2B70	0000	1066

C:\Program Files\Microchip\xc8\v2.41\pic\sources\c99\common\sprcmul.c estimated size: 1066

ECU_Layer/dc_motor/ecu_dc_motor.c
		_Dc_Motor_Stop 		CODE           	4E8C	0000	100
		_Dc_Motor_Turn_Right		CODE           	4E28	0000	100
		_Dc_Motor_Intialize		CODE           	4F50	0000	92

ECU_Layer/dc_motor/ecu_dc_motor.c estimated size: 292

C:\Program Files\Microchip\xc8\v2.41\pic\sources\c99\common\sprcdiv.c
		___fldiv       		CODE           	2F9A	0000	922

C:\Program Files\Microchip\xc8\v2.41\pic\sources\c99\common\sprcdiv.c estimated size: 922

